// Jest Snapshot v1, https://goo.gl/fbAQLP

exports[`Home page matches snapshot 1`] = `
<div>
  <div
    class="chakra-stack css-1clhiew"
  >
    <h1
      class="chakra-heading css-9j8q24"
    >
      Product Reviews
    </h1>
    <div
      class="chakra-stack css-us59mg"
    >
      <div
        class="css-1xqx23q"
      >
        <div
          class="chakra-stack css-1qbpqq9"
        >
          <h2
            class="chakra-heading css-0"
          >
            New Review
          </h2>
          <form
            action="#"
          >
            <div
              class="chakra-stack css-17kdbol"
            >
              <div
                class="css-11g0tpd"
              >
                <div
                  class="chakra-form-control css-0"
                  role="group"
                >
                  <label
                    class="chakra-form__label css-uvho5g"
                    for="name"
                    id="field-11-label"
                  >
                    Name
                    <span
                      aria-hidden="true"
                      class="chakra-form__required-indicator css-0"
                      role="presentation"
                    >
                      *
                    </span>
                  </label>
                  <input
                    aria-describedby="field-11-helptext"
                    aria-required="true"
                    class="chakra-input css-0"
                    id="name"
                    name="name"
                    placeholder="Jane Doe"
                    required=""
                    value=""
                  />
                  <div
                    class="chakra-form__helper-text css-0"
                    id="field-11-helptext"
                  >
                    This will be visible on your comment.
                  </div>
                </div>
                <div
                  class="chakra-form-control css-0"
                  role="group"
                >
                  <label
                    class="chakra-form__label css-uvho5g"
                    for="emailAddress"
                    id="field-12-label"
                  >
                    Email
                    <span
                      aria-hidden="true"
                      class="chakra-form__required-indicator css-0"
                      role="presentation"
                    >
                      *
                    </span>
                  </label>
                  <input
                    aria-describedby="field-12-helptext"
                    aria-required="true"
                    class="chakra-input css-0"
                    id="emailAddress"
                    name="emailAddress"
                    placeholder="jane.doe@example.com"
                    required=""
                    type="email"
                    value=""
                  />
                  <div
                    class="chakra-form__helper-text css-0"
                    id="field-12-helptext"
                  >
                    We'll never share your email.
                  </div>
                </div>
                <div
                  class="chakra-form-control css-0"
                  role="group"
                >
                  <label
                    class="chakra-form__label css-uvho5g"
                    for="rating"
                    id="rating-label"
                  >
                    Rating
                    <span
                      aria-hidden="true"
                      class="chakra-form__required-indicator css-0"
                      role="presentation"
                    >
                      *
                    </span>
                  </label>
                  <div
                    aria-label="Rating"
                    class="css-nn803e"
                    role="radiogroup"
                  >
                    <label
                      class="css-0"
                    >
                      <input
                        aria-label="1 star"
                        aria-required="true"
                        id="radio-13"
                        name="radio-18"
                        required=""
                        style="border: 0px; clip: rect(0px, 0px, 0px, 0px); height: 1px; width: 1px; margin: -1px; padding: 0px; overflow: hidden; white-space: nowrap; position: absolute;"
                        type="radio"
                        value="1"
                      />
                      <svg
                        aria-hidden="true"
                        class="chakra-icon css-16r67my"
                        focusable="false"
                        viewBox="0 0 24 24"
                      >
                        <path
                          d="M23.555,8.729a1.505,1.505,0,0,0-1.406-.98H16.062a.5.5,0,0,1-.472-.334L13.405,1.222a1.5,1.5,0,0,0-2.81,0l-.005.016L8.41,7.415a.5.5,0,0,1-.471.334H1.85A1.5,1.5,0,0,0,.887,10.4l5.184,4.3a.5.5,0,0,1,.155.543L4.048,21.774a1.5,1.5,0,0,0,2.31,1.684l5.346-3.92a.5.5,0,0,1,.591,0l5.344,3.919a1.5,1.5,0,0,0,2.312-1.683l-2.178-6.535a.5.5,0,0,1,.155-.543l5.194-4.306A1.5,1.5,0,0,0,23.555,8.729Z"
                          fill="currentColor"
                        />
                      </svg>
                    </label>
                    <label
                      class="css-0"
                    >
                      <input
                        aria-label="2 star"
                        aria-required="true"
                        id="radio-14"
                        name="radio-18"
                        required=""
                        style="border: 0px; clip: rect(0px, 0px, 0px, 0px); height: 1px; width: 1px; margin: -1px; padding: 0px; overflow: hidden; white-space: nowrap; position: absolute;"
                        type="radio"
                        value="2"
                      />
                      <svg
                        aria-hidden="true"
                        class="chakra-icon css-16r67my"
                        focusable="false"
                        viewBox="0 0 24 24"
                      >
                        <path
                          d="M23.555,8.729a1.505,1.505,0,0,0-1.406-.98H16.062a.5.5,0,0,1-.472-.334L13.405,1.222a1.5,1.5,0,0,0-2.81,0l-.005.016L8.41,7.415a.5.5,0,0,1-.471.334H1.85A1.5,1.5,0,0,0,.887,10.4l5.184,4.3a.5.5,0,0,1,.155.543L4.048,21.774a1.5,1.5,0,0,0,2.31,1.684l5.346-3.92a.5.5,0,0,1,.591,0l5.344,3.919a1.5,1.5,0,0,0,2.312-1.683l-2.178-6.535a.5.5,0,0,1,.155-.543l5.194-4.306A1.5,1.5,0,0,0,23.555,8.729Z"
                          fill="currentColor"
                        />
                      </svg>
                    </label>
                    <label
                      class="css-0"
                    >
                      <input
                        aria-label="3 star"
                        aria-required="true"
                        id="radio-15"
                        name="radio-18"
                        required=""
                        style="border: 0px; clip: rect(0px, 0px, 0px, 0px); height: 1px; width: 1px; margin: -1px; padding: 0px; overflow: hidden; white-space: nowrap; position: absolute;"
                        type="radio"
                        value="3"
                      />
                      <svg
                        aria-hidden="true"
                        class="chakra-icon css-16r67my"
                        focusable="false"
                        viewBox="0 0 24 24"
                      >
                        <path
                          d="M23.555,8.729a1.505,1.505,0,0,0-1.406-.98H16.062a.5.5,0,0,1-.472-.334L13.405,1.222a1.5,1.5,0,0,0-2.81,0l-.005.016L8.41,7.415a.5.5,0,0,1-.471.334H1.85A1.5,1.5,0,0,0,.887,10.4l5.184,4.3a.5.5,0,0,1,.155.543L4.048,21.774a1.5,1.5,0,0,0,2.31,1.684l5.346-3.92a.5.5,0,0,1,.591,0l5.344,3.919a1.5,1.5,0,0,0,2.312-1.683l-2.178-6.535a.5.5,0,0,1,.155-.543l5.194-4.306A1.5,1.5,0,0,0,23.555,8.729Z"
                          fill="currentColor"
                        />
                      </svg>
                    </label>
                    <label
                      class="css-0"
                    >
                      <input
                        aria-label="4 star"
                        aria-required="true"
                        id="radio-16"
                        name="radio-18"
                        required=""
                        style="border: 0px; clip: rect(0px, 0px, 0px, 0px); height: 1px; width: 1px; margin: -1px; padding: 0px; overflow: hidden; white-space: nowrap; position: absolute;"
                        type="radio"
                        value="4"
                      />
                      <svg
                        aria-hidden="true"
                        class="chakra-icon css-16r67my"
                        focusable="false"
                        viewBox="0 0 24 24"
                      >
                        <path
                          d="M23.555,8.729a1.505,1.505,0,0,0-1.406-.98H16.062a.5.5,0,0,1-.472-.334L13.405,1.222a1.5,1.5,0,0,0-2.81,0l-.005.016L8.41,7.415a.5.5,0,0,1-.471.334H1.85A1.5,1.5,0,0,0,.887,10.4l5.184,4.3a.5.5,0,0,1,.155.543L4.048,21.774a1.5,1.5,0,0,0,2.31,1.684l5.346-3.92a.5.5,0,0,1,.591,0l5.344,3.919a1.5,1.5,0,0,0,2.312-1.683l-2.178-6.535a.5.5,0,0,1,.155-.543l5.194-4.306A1.5,1.5,0,0,0,23.555,8.729Z"
                          fill="currentColor"
                        />
                      </svg>
                    </label>
                    <label
                      class="css-0"
                    >
                      <input
                        aria-label="5 star"
                        aria-required="true"
                        id="radio-17"
                        name="radio-18"
                        required=""
                        style="border: 0px; clip: rect(0px, 0px, 0px, 0px); height: 1px; width: 1px; margin: -1px; padding: 0px; overflow: hidden; white-space: nowrap; position: absolute;"
                        type="radio"
                        value="5"
                      />
                      <svg
                        aria-hidden="true"
                        class="chakra-icon css-16r67my"
                        focusable="false"
                        viewBox="0 0 24 24"
                      >
                        <path
                          d="M23.555,8.729a1.505,1.505,0,0,0-1.406-.98H16.062a.5.5,0,0,1-.472-.334L13.405,1.222a1.5,1.5,0,0,0-2.81,0l-.005.016L8.41,7.415a.5.5,0,0,1-.471.334H1.85A1.5,1.5,0,0,0,.887,10.4l5.184,4.3a.5.5,0,0,1,.155.543L4.048,21.774a1.5,1.5,0,0,0,2.31,1.684l5.346-3.92a.5.5,0,0,1,.591,0l5.344,3.919a1.5,1.5,0,0,0,2.312-1.683l-2.178-6.535a.5.5,0,0,1,.155-.543l5.194-4.306A1.5,1.5,0,0,0,23.555,8.729Z"
                          fill="currentColor"
                        />
                      </svg>
                    </label>
                  </div>
                  <div
                    class="chakra-form__helper-text css-0"
                    id="rating-helptext"
                  >
                    Please give your honest rating.
                  </div>
                </div>
              </div>
              <div
                class="chakra-form-control css-0"
                role="group"
              >
                <label
                  class="chakra-form__label css-uvho5g"
                  for="comment"
                  id="field-20-label"
                >
                  Comment
                  <span
                    aria-hidden="true"
                    class="chakra-form__required-indicator css-0"
                    role="presentation"
                  >
                    *
                  </span>
                </label>
                <textarea
                  aria-required="true"
                  class="chakra-textarea css-0"
                  id="comment"
                  name="comment"
                  placeholder="The product was fantastic! It really..."
                  required=""
                  type="textarea"
                />
              </div>
              <div
                class="css-0"
              >
                <button
                  class="chakra-button css-5c2176"
                  type="submit"
                >
                  Submit
                </button>
              </div>
            </div>
          </form>
        </div>
        <div
          class="chakra-stack css-57m1aq"
        >
          <h2
            class="chakra-heading css-0"
          >
            Customer Reviews
          </h2>
          <div
            class="chakra-stack css-n21gh5"
          >
            <div
              class="css-adzl49"
              tabindex="0"
            >
              <div
                style="overflow: visible; height: 0px; width: 0px;"
              />
              <div
                class="resize-triggers"
              >
                <div
                  class="expand-trigger"
                >
                  <div
                    style="width: 1px; height: 1px;"
                  />
                </div>
                <div
                  class="contract-trigger"
                />
              </div>
            </div>
            <p
              class="chakra-text css-1m6uzrr"
            >
              Average Rating
            </p>
            <div
              class="css-1xuuz08"
            >
              <span
                aria-label="4 out of 5 stars"
                class="chakra-stack css-193rmy8"
                role="img"
              >
                <svg
                  class="chakra-icon css-1k73fkr"
                  focusable="false"
                  viewBox="0 0 24 24"
                >
                  <path
                    d="M23.555,8.729a1.505,1.505,0,0,0-1.406-.98H16.062a.5.5,0,0,1-.472-.334L13.405,1.222a1.5,1.5,0,0,0-2.81,0l-.005.016L8.41,7.415a.5.5,0,0,1-.471.334H1.85A1.5,1.5,0,0,0,.887,10.4l5.184,4.3a.5.5,0,0,1,.155.543L4.048,21.774a1.5,1.5,0,0,0,2.31,1.684l5.346-3.92a.5.5,0,0,1,.591,0l5.344,3.919a1.5,1.5,0,0,0,2.312-1.683l-2.178-6.535a.5.5,0,0,1,.155-.543l5.194-4.306A1.5,1.5,0,0,0,23.555,8.729Z"
                    fill="currentColor"
                  />
                </svg>
                <svg
                  class="chakra-icon css-1k73fkr"
                  focusable="false"
                  viewBox="0 0 24 24"
                >
                  <path
                    d="M23.555,8.729a1.505,1.505,0,0,0-1.406-.98H16.062a.5.5,0,0,1-.472-.334L13.405,1.222a1.5,1.5,0,0,0-2.81,0l-.005.016L8.41,7.415a.5.5,0,0,1-.471.334H1.85A1.5,1.5,0,0,0,.887,10.4l5.184,4.3a.5.5,0,0,1,.155.543L4.048,21.774a1.5,1.5,0,0,0,2.31,1.684l5.346-3.92a.5.5,0,0,1,.591,0l5.344,3.919a1.5,1.5,0,0,0,2.312-1.683l-2.178-6.535a.5.5,0,0,1,.155-.543l5.194-4.306A1.5,1.5,0,0,0,23.555,8.729Z"
                    fill="currentColor"
                  />
                </svg>
                <svg
                  class="chakra-icon css-1k73fkr"
                  focusable="false"
                  viewBox="0 0 24 24"
                >
                  <path
                    d="M23.555,8.729a1.505,1.505,0,0,0-1.406-.98H16.062a.5.5,0,0,1-.472-.334L13.405,1.222a1.5,1.5,0,0,0-2.81,0l-.005.016L8.41,7.415a.5.5,0,0,1-.471.334H1.85A1.5,1.5,0,0,0,.887,10.4l5.184,4.3a.5.5,0,0,1,.155.543L4.048,21.774a1.5,1.5,0,0,0,2.31,1.684l5.346-3.92a.5.5,0,0,1,.591,0l5.344,3.919a1.5,1.5,0,0,0,2.312-1.683l-2.178-6.535a.5.5,0,0,1,.155-.543l5.194-4.306A1.5,1.5,0,0,0,23.555,8.729Z"
                    fill="currentColor"
                  />
                </svg>
                <svg
                  class="chakra-icon css-1k73fkr"
                  focusable="false"
                  viewBox="0 0 24 24"
                >
                  <path
                    d="M23.555,8.729a1.505,1.505,0,0,0-1.406-.98H16.062a.5.5,0,0,1-.472-.334L13.405,1.222a1.5,1.5,0,0,0-2.81,0l-.005.016L8.41,7.415a.5.5,0,0,1-.471.334H1.85A1.5,1.5,0,0,0,.887,10.4l5.184,4.3a.5.5,0,0,1,.155.543L4.048,21.774a1.5,1.5,0,0,0,2.31,1.684l5.346-3.92a.5.5,0,0,1,.591,0l5.344,3.919a1.5,1.5,0,0,0,2.312-1.683l-2.178-6.535a.5.5,0,0,1,.155-.543l5.194-4.306A1.5,1.5,0,0,0,23.555,8.729Z"
                    fill="currentColor"
                  />
                </svg>
                <svg
                  class="chakra-icon css-6aos0a"
                  focusable="false"
                  viewBox="0 0 24 24"
                >
                  <path
                    d="M23.555,8.729a1.505,1.505,0,0,0-1.406-.98H16.062a.5.5,0,0,1-.472-.334L13.405,1.222a1.5,1.5,0,0,0-2.81,0l-.005.016L8.41,7.415a.5.5,0,0,1-.471.334H1.85A1.5,1.5,0,0,0,.887,10.4l5.184,4.3a.5.5,0,0,1,.155.543L4.048,21.774a1.5,1.5,0,0,0,2.31,1.684l5.346-3.92a.5.5,0,0,1,.591,0l5.344,3.919a1.5,1.5,0,0,0,2.312-1.683l-2.178-6.535a.5.5,0,0,1,.155-.543l5.194-4.306A1.5,1.5,0,0,0,23.555,8.729Z"
                    fill="currentColor"
                  />
                </svg>
              </span>
              <p
                class="chakra-text css-0"
              >
                (
                3.83
                )
              </p>
            </div>
          </div>
          <hr
            aria-orientation="horizontal"
            class="chakra-divider css-aaec96"
          />
        </div>
      </div>
      <hr
        aria-orientation="horizontal"
        class="chakra-divider css-1upb9tn"
      />
      <div
        class="chakra-stack css-1clhiew"
      >
        <h2
          class="chakra-heading css-0"
        >
          Comments
        </h2>
        <div
          class="chakra-stack css-j7qwjs"
        >
          <article
            class="chakra-stack css-n21gh5"
          >
            <div
              class="chakra-stack css-1h3nfwc"
            >
              <div
                class="chakra-stack css-1qwdsol"
              >
                <span
                  aria-label="5 out of 5 stars"
                  class="chakra-stack css-193rmy8"
                  role="img"
                >
                  <svg
                    class="chakra-icon css-1k73fkr"
                    focusable="false"
                    viewBox="0 0 24 24"
                  >
                    <path
                      d="M23.555,8.729a1.505,1.505,0,0,0-1.406-.98H16.062a.5.5,0,0,1-.472-.334L13.405,1.222a1.5,1.5,0,0,0-2.81,0l-.005.016L8.41,7.415a.5.5,0,0,1-.471.334H1.85A1.5,1.5,0,0,0,.887,10.4l5.184,4.3a.5.5,0,0,1,.155.543L4.048,21.774a1.5,1.5,0,0,0,2.31,1.684l5.346-3.92a.5.5,0,0,1,.591,0l5.344,3.919a1.5,1.5,0,0,0,2.312-1.683l-2.178-6.535a.5.5,0,0,1,.155-.543l5.194-4.306A1.5,1.5,0,0,0,23.555,8.729Z"
                      fill="currentColor"
                    />
                  </svg>
                  <svg
                    class="chakra-icon css-1k73fkr"
                    focusable="false"
                    viewBox="0 0 24 24"
                  >
                    <path
                      d="M23.555,8.729a1.505,1.505,0,0,0-1.406-.98H16.062a.5.5,0,0,1-.472-.334L13.405,1.222a1.5,1.5,0,0,0-2.81,0l-.005.016L8.41,7.415a.5.5,0,0,1-.471.334H1.85A1.5,1.5,0,0,0,.887,10.4l5.184,4.3a.5.5,0,0,1,.155.543L4.048,21.774a1.5,1.5,0,0,0,2.31,1.684l5.346-3.92a.5.5,0,0,1,.591,0l5.344,3.919a1.5,1.5,0,0,0,2.312-1.683l-2.178-6.535a.5.5,0,0,1,.155-.543l5.194-4.306A1.5,1.5,0,0,0,23.555,8.729Z"
                      fill="currentColor"
                    />
                  </svg>
                  <svg
                    class="chakra-icon css-1k73fkr"
                    focusable="false"
                    viewBox="0 0 24 24"
                  >
                    <path
                      d="M23.555,8.729a1.505,1.505,0,0,0-1.406-.98H16.062a.5.5,0,0,1-.472-.334L13.405,1.222a1.5,1.5,0,0,0-2.81,0l-.005.016L8.41,7.415a.5.5,0,0,1-.471.334H1.85A1.5,1.5,0,0,0,.887,10.4l5.184,4.3a.5.5,0,0,1,.155.543L4.048,21.774a1.5,1.5,0,0,0,2.31,1.684l5.346-3.92a.5.5,0,0,1,.591,0l5.344,3.919a1.5,1.5,0,0,0,2.312-1.683l-2.178-6.535a.5.5,0,0,1,.155-.543l5.194-4.306A1.5,1.5,0,0,0,23.555,8.729Z"
                      fill="currentColor"
                    />
                  </svg>
                  <svg
                    class="chakra-icon css-1k73fkr"
                    focusable="false"
                    viewBox="0 0 24 24"
                  >
                    <path
                      d="M23.555,8.729a1.505,1.505,0,0,0-1.406-.98H16.062a.5.5,0,0,1-.472-.334L13.405,1.222a1.5,1.5,0,0,0-2.81,0l-.005.016L8.41,7.415a.5.5,0,0,1-.471.334H1.85A1.5,1.5,0,0,0,.887,10.4l5.184,4.3a.5.5,0,0,1,.155.543L4.048,21.774a1.5,1.5,0,0,0,2.31,1.684l5.346-3.92a.5.5,0,0,1,.591,0l5.344,3.919a1.5,1.5,0,0,0,2.312-1.683l-2.178-6.535a.5.5,0,0,1,.155-.543l5.194-4.306A1.5,1.5,0,0,0,23.555,8.729Z"
                      fill="currentColor"
                    />
                  </svg>
                  <svg
                    class="chakra-icon css-1k73fkr"
                    focusable="false"
                    viewBox="0 0 24 24"
                  >
                    <path
                      d="M23.555,8.729a1.505,1.505,0,0,0-1.406-.98H16.062a.5.5,0,0,1-.472-.334L13.405,1.222a1.5,1.5,0,0,0-2.81,0l-.005.016L8.41,7.415a.5.5,0,0,1-.471.334H1.85A1.5,1.5,0,0,0,.887,10.4l5.184,4.3a.5.5,0,0,1,.155.543L4.048,21.774a1.5,1.5,0,0,0,2.31,1.684l5.346-3.92a.5.5,0,0,1,.591,0l5.344,3.919a1.5,1.5,0,0,0,2.312-1.683l-2.178-6.535a.5.5,0,0,1,.155-.543l5.194-4.306A1.5,1.5,0,0,0,23.555,8.729Z"
                      fill="currentColor"
                    />
                  </svg>
                </span>
                <h3
                  class="chakra-heading css-1tapsqs"
                >
                  John
                </h3>
              </div>
              <p
                class="chakra-text css-5ft5pb"
              >
                31 January 2022
              </p>
            </div>
            <p
              class="chakra-text css-0"
            >
              Great!
            </p>
          </article>
          <hr
            aria-orientation="horizontal"
            class="chakra-divider css-1y67kn3"
          />
          <article
            class="chakra-stack css-n21gh5"
          >
            <div
              class="chakra-stack css-1h3nfwc"
            >
              <div
                class="chakra-stack css-1qwdsol"
              >
                <span
                  aria-label="4 out of 5 stars"
                  class="chakra-stack css-193rmy8"
                  role="img"
                >
                  <svg
                    class="chakra-icon css-1k73fkr"
                    focusable="false"
                    viewBox="0 0 24 24"
                  >
                    <path
                      d="M23.555,8.729a1.505,1.505,0,0,0-1.406-.98H16.062a.5.5,0,0,1-.472-.334L13.405,1.222a1.5,1.5,0,0,0-2.81,0l-.005.016L8.41,7.415a.5.5,0,0,1-.471.334H1.85A1.5,1.5,0,0,0,.887,10.4l5.184,4.3a.5.5,0,0,1,.155.543L4.048,21.774a1.5,1.5,0,0,0,2.31,1.684l5.346-3.92a.5.5,0,0,1,.591,0l5.344,3.919a1.5,1.5,0,0,0,2.312-1.683l-2.178-6.535a.5.5,0,0,1,.155-.543l5.194-4.306A1.5,1.5,0,0,0,23.555,8.729Z"
                      fill="currentColor"
                    />
                  </svg>
                  <svg
                    class="chakra-icon css-1k73fkr"
                    focusable="false"
                    viewBox="0 0 24 24"
                  >
                    <path
                      d="M23.555,8.729a1.505,1.505,0,0,0-1.406-.98H16.062a.5.5,0,0,1-.472-.334L13.405,1.222a1.5,1.5,0,0,0-2.81,0l-.005.016L8.41,7.415a.5.5,0,0,1-.471.334H1.85A1.5,1.5,0,0,0,.887,10.4l5.184,4.3a.5.5,0,0,1,.155.543L4.048,21.774a1.5,1.5,0,0,0,2.31,1.684l5.346-3.92a.5.5,0,0,1,.591,0l5.344,3.919a1.5,1.5,0,0,0,2.312-1.683l-2.178-6.535a.5.5,0,0,1,.155-.543l5.194-4.306A1.5,1.5,0,0,0,23.555,8.729Z"
                      fill="currentColor"
                    />
                  </svg>
                  <svg
                    class="chakra-icon css-1k73fkr"
                    focusable="false"
                    viewBox="0 0 24 24"
                  >
                    <path
                      d="M23.555,8.729a1.505,1.505,0,0,0-1.406-.98H16.062a.5.5,0,0,1-.472-.334L13.405,1.222a1.5,1.5,0,0,0-2.81,0l-.005.016L8.41,7.415a.5.5,0,0,1-.471.334H1.85A1.5,1.5,0,0,0,.887,10.4l5.184,4.3a.5.5,0,0,1,.155.543L4.048,21.774a1.5,1.5,0,0,0,2.31,1.684l5.346-3.92a.5.5,0,0,1,.591,0l5.344,3.919a1.5,1.5,0,0,0,2.312-1.683l-2.178-6.535a.5.5,0,0,1,.155-.543l5.194-4.306A1.5,1.5,0,0,0,23.555,8.729Z"
                      fill="currentColor"
                    />
                  </svg>
                  <svg
                    class="chakra-icon css-1k73fkr"
                    focusable="false"
                    viewBox="0 0 24 24"
                  >
                    <path
                      d="M23.555,8.729a1.505,1.505,0,0,0-1.406-.98H16.062a.5.5,0,0,1-.472-.334L13.405,1.222a1.5,1.5,0,0,0-2.81,0l-.005.016L8.41,7.415a.5.5,0,0,1-.471.334H1.85A1.5,1.5,0,0,0,.887,10.4l5.184,4.3a.5.5,0,0,1,.155.543L4.048,21.774a1.5,1.5,0,0,0,2.31,1.684l5.346-3.92a.5.5,0,0,1,.591,0l5.344,3.919a1.5,1.5,0,0,0,2.312-1.683l-2.178-6.535a.5.5,0,0,1,.155-.543l5.194-4.306A1.5,1.5,0,0,0,23.555,8.729Z"
                      fill="currentColor"
                    />
                  </svg>
                  <svg
                    class="chakra-icon css-6aos0a"
                    focusable="false"
                    viewBox="0 0 24 24"
                  >
                    <path
                      d="M23.555,8.729a1.505,1.505,0,0,0-1.406-.98H16.062a.5.5,0,0,1-.472-.334L13.405,1.222a1.5,1.5,0,0,0-2.81,0l-.005.016L8.41,7.415a.5.5,0,0,1-.471.334H1.85A1.5,1.5,0,0,0,.887,10.4l5.184,4.3a.5.5,0,0,1,.155.543L4.048,21.774a1.5,1.5,0,0,0,2.31,1.684l5.346-3.92a.5.5,0,0,1,.591,0l5.344,3.919a1.5,1.5,0,0,0,2.312-1.683l-2.178-6.535a.5.5,0,0,1,.155-.543l5.194-4.306A1.5,1.5,0,0,0,23.555,8.729Z"
                      fill="currentColor"
                    />
                  </svg>
                </span>
                <h3
                  class="chakra-heading css-1tapsqs"
                >
                  Joe
                </h3>
              </div>
              <p
                class="chakra-text css-5ft5pb"
              >
                31 January 2022
              </p>
            </div>
            <p
              class="chakra-text css-0"
            >
              Good!
            </p>
          </article>
          <hr
            aria-orientation="horizontal"
            class="chakra-divider css-1y67kn3"
          />
          <article
            class="chakra-stack css-n21gh5"
          >
            <div
              class="chakra-stack css-1h3nfwc"
            >
              <div
                class="chakra-stack css-1qwdsol"
              >
                <span
                  aria-label="3 out of 5 stars"
                  class="chakra-stack css-193rmy8"
                  role="img"
                >
                  <svg
                    class="chakra-icon css-1k73fkr"
                    focusable="false"
                    viewBox="0 0 24 24"
                  >
                    <path
                      d="M23.555,8.729a1.505,1.505,0,0,0-1.406-.98H16.062a.5.5,0,0,1-.472-.334L13.405,1.222a1.5,1.5,0,0,0-2.81,0l-.005.016L8.41,7.415a.5.5,0,0,1-.471.334H1.85A1.5,1.5,0,0,0,.887,10.4l5.184,4.3a.5.5,0,0,1,.155.543L4.048,21.774a1.5,1.5,0,0,0,2.31,1.684l5.346-3.92a.5.5,0,0,1,.591,0l5.344,3.919a1.5,1.5,0,0,0,2.312-1.683l-2.178-6.535a.5.5,0,0,1,.155-.543l5.194-4.306A1.5,1.5,0,0,0,23.555,8.729Z"
                      fill="currentColor"
                    />
                  </svg>
                  <svg
                    class="chakra-icon css-1k73fkr"
                    focusable="false"
                    viewBox="0 0 24 24"
                  >
                    <path
                      d="M23.555,8.729a1.505,1.505,0,0,0-1.406-.98H16.062a.5.5,0,0,1-.472-.334L13.405,1.222a1.5,1.5,0,0,0-2.81,0l-.005.016L8.41,7.415a.5.5,0,0,1-.471.334H1.85A1.5,1.5,0,0,0,.887,10.4l5.184,4.3a.5.5,0,0,1,.155.543L4.048,21.774a1.5,1.5,0,0,0,2.31,1.684l5.346-3.92a.5.5,0,0,1,.591,0l5.344,3.919a1.5,1.5,0,0,0,2.312-1.683l-2.178-6.535a.5.5,0,0,1,.155-.543l5.194-4.306A1.5,1.5,0,0,0,23.555,8.729Z"
                      fill="currentColor"
                    />
                  </svg>
                  <svg
                    class="chakra-icon css-1k73fkr"
                    focusable="false"
                    viewBox="0 0 24 24"
                  >
                    <path
                      d="M23.555,8.729a1.505,1.505,0,0,0-1.406-.98H16.062a.5.5,0,0,1-.472-.334L13.405,1.222a1.5,1.5,0,0,0-2.81,0l-.005.016L8.41,7.415a.5.5,0,0,1-.471.334H1.85A1.5,1.5,0,0,0,.887,10.4l5.184,4.3a.5.5,0,0,1,.155.543L4.048,21.774a1.5,1.5,0,0,0,2.31,1.684l5.346-3.92a.5.5,0,0,1,.591,0l5.344,3.919a1.5,1.5,0,0,0,2.312-1.683l-2.178-6.535a.5.5,0,0,1,.155-.543l5.194-4.306A1.5,1.5,0,0,0,23.555,8.729Z"
                      fill="currentColor"
                    />
                  </svg>
                  <svg
                    class="chakra-icon css-6aos0a"
                    focusable="false"
                    viewBox="0 0 24 24"
                  >
                    <path
                      d="M23.555,8.729a1.505,1.505,0,0,0-1.406-.98H16.062a.5.5,0,0,1-.472-.334L13.405,1.222a1.5,1.5,0,0,0-2.81,0l-.005.016L8.41,7.415a.5.5,0,0,1-.471.334H1.85A1.5,1.5,0,0,0,.887,10.4l5.184,4.3a.5.5,0,0,1,.155.543L4.048,21.774a1.5,1.5,0,0,0,2.31,1.684l5.346-3.92a.5.5,0,0,1,.591,0l5.344,3.919a1.5,1.5,0,0,0,2.312-1.683l-2.178-6.535a.5.5,0,0,1,.155-.543l5.194-4.306A1.5,1.5,0,0,0,23.555,8.729Z"
                      fill="currentColor"
                    />
                  </svg>
                  <svg
                    class="chakra-icon css-6aos0a"
                    focusable="false"
                    viewBox="0 0 24 24"
                  >
                    <path
                      d="M23.555,8.729a1.505,1.505,0,0,0-1.406-.98H16.062a.5.5,0,0,1-.472-.334L13.405,1.222a1.5,1.5,0,0,0-2.81,0l-.005.016L8.41,7.415a.5.5,0,0,1-.471.334H1.85A1.5,1.5,0,0,0,.887,10.4l5.184,4.3a.5.5,0,0,1,.155.543L4.048,21.774a1.5,1.5,0,0,0,2.31,1.684l5.346-3.92a.5.5,0,0,1,.591,0l5.344,3.919a1.5,1.5,0,0,0,2.312-1.683l-2.178-6.535a.5.5,0,0,1,.155-.543l5.194-4.306A1.5,1.5,0,0,0,23.555,8.729Z"
                      fill="currentColor"
                    />
                  </svg>
                </span>
                <h3
                  class="chakra-heading css-1tapsqs"
                >
                  Jane
                </h3>
              </div>
              <p
                class="chakra-text css-5ft5pb"
              >
                31 January 2022
              </p>
            </div>
            <p
              class="chakra-text css-0"
            >
              Okay.
            </p>
          </article>
          <hr
            aria-orientation="horizontal"
            class="chakra-divider css-1y67kn3"
          />
          <article
            class="chakra-stack css-n21gh5"
          >
            <div
              class="chakra-stack css-1h3nfwc"
            >
              <div
                class="chakra-stack css-1qwdsol"
              >
                <span
                  aria-label="2 out of 5 stars"
                  class="chakra-stack css-193rmy8"
                  role="img"
                >
                  <svg
                    class="chakra-icon css-1k73fkr"
                    focusable="false"
                    viewBox="0 0 24 24"
                  >
                    <path
                      d="M23.555,8.729a1.505,1.505,0,0,0-1.406-.98H16.062a.5.5,0,0,1-.472-.334L13.405,1.222a1.5,1.5,0,0,0-2.81,0l-.005.016L8.41,7.415a.5.5,0,0,1-.471.334H1.85A1.5,1.5,0,0,0,.887,10.4l5.184,4.3a.5.5,0,0,1,.155.543L4.048,21.774a1.5,1.5,0,0,0,2.31,1.684l5.346-3.92a.5.5,0,0,1,.591,0l5.344,3.919a1.5,1.5,0,0,0,2.312-1.683l-2.178-6.535a.5.5,0,0,1,.155-.543l5.194-4.306A1.5,1.5,0,0,0,23.555,8.729Z"
                      fill="currentColor"
                    />
                  </svg>
                  <svg
                    class="chakra-icon css-1k73fkr"
                    focusable="false"
                    viewBox="0 0 24 24"
                  >
                    <path
                      d="M23.555,8.729a1.505,1.505,0,0,0-1.406-.98H16.062a.5.5,0,0,1-.472-.334L13.405,1.222a1.5,1.5,0,0,0-2.81,0l-.005.016L8.41,7.415a.5.5,0,0,1-.471.334H1.85A1.5,1.5,0,0,0,.887,10.4l5.184,4.3a.5.5,0,0,1,.155.543L4.048,21.774a1.5,1.5,0,0,0,2.31,1.684l5.346-3.92a.5.5,0,0,1,.591,0l5.344,3.919a1.5,1.5,0,0,0,2.312-1.683l-2.178-6.535a.5.5,0,0,1,.155-.543l5.194-4.306A1.5,1.5,0,0,0,23.555,8.729Z"
                      fill="currentColor"
                    />
                  </svg>
                  <svg
                    class="chakra-icon css-6aos0a"
                    focusable="false"
                    viewBox="0 0 24 24"
                  >
                    <path
                      d="M23.555,8.729a1.505,1.505,0,0,0-1.406-.98H16.062a.5.5,0,0,1-.472-.334L13.405,1.222a1.5,1.5,0,0,0-2.81,0l-.005.016L8.41,7.415a.5.5,0,0,1-.471.334H1.85A1.5,1.5,0,0,0,.887,10.4l5.184,4.3a.5.5,0,0,1,.155.543L4.048,21.774a1.5,1.5,0,0,0,2.31,1.684l5.346-3.92a.5.5,0,0,1,.591,0l5.344,3.919a1.5,1.5,0,0,0,2.312-1.683l-2.178-6.535a.5.5,0,0,1,.155-.543l5.194-4.306A1.5,1.5,0,0,0,23.555,8.729Z"
                      fill="currentColor"
                    />
                  </svg>
                  <svg
                    class="chakra-icon css-6aos0a"
                    focusable="false"
                    viewBox="0 0 24 24"
                  >
                    <path
                      d="M23.555,8.729a1.505,1.505,0,0,0-1.406-.98H16.062a.5.5,0,0,1-.472-.334L13.405,1.222a1.5,1.5,0,0,0-2.81,0l-.005.016L8.41,7.415a.5.5,0,0,1-.471.334H1.85A1.5,1.5,0,0,0,.887,10.4l5.184,4.3a.5.5,0,0,1,.155.543L4.048,21.774a1.5,1.5,0,0,0,2.31,1.684l5.346-3.92a.5.5,0,0,1,.591,0l5.344,3.919a1.5,1.5,0,0,0,2.312-1.683l-2.178-6.535a.5.5,0,0,1,.155-.543l5.194-4.306A1.5,1.5,0,0,0,23.555,8.729Z"
                      fill="currentColor"
                    />
                  </svg>
                  <svg
                    class="chakra-icon css-6aos0a"
                    focusable="false"
                    viewBox="0 0 24 24"
                  >
                    <path
                      d="M23.555,8.729a1.505,1.505,0,0,0-1.406-.98H16.062a.5.5,0,0,1-.472-.334L13.405,1.222a1.5,1.5,0,0,0-2.81,0l-.005.016L8.41,7.415a.5.5,0,0,1-.471.334H1.85A1.5,1.5,0,0,0,.887,10.4l5.184,4.3a.5.5,0,0,1,.155.543L4.048,21.774a1.5,1.5,0,0,0,2.31,1.684l5.346-3.92a.5.5,0,0,1,.591,0l5.344,3.919a1.5,1.5,0,0,0,2.312-1.683l-2.178-6.535a.5.5,0,0,1,.155-.543l5.194-4.306A1.5,1.5,0,0,0,23.555,8.729Z"
                      fill="currentColor"
                    />
                  </svg>
                </span>
                <h3
                  class="chakra-heading css-1tapsqs"
                >
                  Bill
                </h3>
              </div>
              <p
                class="chakra-text css-5ft5pb"
              >
                31 January 2022
              </p>
            </div>
            <p
              class="chakra-text css-0"
            >
              Meh.
            </p>
          </article>
          <hr
            aria-orientation="horizontal"
            class="chakra-divider css-1y67kn3"
          />
          <article
            class="chakra-stack css-n21gh5"
          >
            <div
              class="chakra-stack css-1h3nfwc"
            >
              <div
                class="chakra-stack css-1qwdsol"
              >
                <span
                  aria-label="4 out of 5 stars"
                  class="chakra-stack css-193rmy8"
                  role="img"
                >
                  <svg
                    class="chakra-icon css-1k73fkr"
                    focusable="false"
                    viewBox="0 0 24 24"
                  >
                    <path
                      d="M23.555,8.729a1.505,1.505,0,0,0-1.406-.98H16.062a.5.5,0,0,1-.472-.334L13.405,1.222a1.5,1.5,0,0,0-2.81,0l-.005.016L8.41,7.415a.5.5,0,0,1-.471.334H1.85A1.5,1.5,0,0,0,.887,10.4l5.184,4.3a.5.5,0,0,1,.155.543L4.048,21.774a1.5,1.5,0,0,0,2.31,1.684l5.346-3.92a.5.5,0,0,1,.591,0l5.344,3.919a1.5,1.5,0,0,0,2.312-1.683l-2.178-6.535a.5.5,0,0,1,.155-.543l5.194-4.306A1.5,1.5,0,0,0,23.555,8.729Z"
                      fill="currentColor"
                    />
                  </svg>
                  <svg
                    class="chakra-icon css-1k73fkr"
                    focusable="false"
                    viewBox="0 0 24 24"
                  >
                    <path
                      d="M23.555,8.729a1.505,1.505,0,0,0-1.406-.98H16.062a.5.5,0,0,1-.472-.334L13.405,1.222a1.5,1.5,0,0,0-2.81,0l-.005.016L8.41,7.415a.5.5,0,0,1-.471.334H1.85A1.5,1.5,0,0,0,.887,10.4l5.184,4.3a.5.5,0,0,1,.155.543L4.048,21.774a1.5,1.5,0,0,0,2.31,1.684l5.346-3.92a.5.5,0,0,1,.591,0l5.344,3.919a1.5,1.5,0,0,0,2.312-1.683l-2.178-6.535a.5.5,0,0,1,.155-.543l5.194-4.306A1.5,1.5,0,0,0,23.555,8.729Z"
                      fill="currentColor"
                    />
                  </svg>
                  <svg
                    class="chakra-icon css-1k73fkr"
                    focusable="false"
                    viewBox="0 0 24 24"
                  >
                    <path
                      d="M23.555,8.729a1.505,1.505,0,0,0-1.406-.98H16.062a.5.5,0,0,1-.472-.334L13.405,1.222a1.5,1.5,0,0,0-2.81,0l-.005.016L8.41,7.415a.5.5,0,0,1-.471.334H1.85A1.5,1.5,0,0,0,.887,10.4l5.184,4.3a.5.5,0,0,1,.155.543L4.048,21.774a1.5,1.5,0,0,0,2.31,1.684l5.346-3.92a.5.5,0,0,1,.591,0l5.344,3.919a1.5,1.5,0,0,0,2.312-1.683l-2.178-6.535a.5.5,0,0,1,.155-.543l5.194-4.306A1.5,1.5,0,0,0,23.555,8.729Z"
                      fill="currentColor"
                    />
                  </svg>
                  <svg
                    class="chakra-icon css-1k73fkr"
                    focusable="false"
                    viewBox="0 0 24 24"
                  >
                    <path
                      d="M23.555,8.729a1.505,1.505,0,0,0-1.406-.98H16.062a.5.5,0,0,1-.472-.334L13.405,1.222a1.5,1.5,0,0,0-2.81,0l-.005.016L8.41,7.415a.5.5,0,0,1-.471.334H1.85A1.5,1.5,0,0,0,.887,10.4l5.184,4.3a.5.5,0,0,1,.155.543L4.048,21.774a1.5,1.5,0,0,0,2.31,1.684l5.346-3.92a.5.5,0,0,1,.591,0l5.344,3.919a1.5,1.5,0,0,0,2.312-1.683l-2.178-6.535a.5.5,0,0,1,.155-.543l5.194-4.306A1.5,1.5,0,0,0,23.555,8.729Z"
                      fill="currentColor"
                    />
                  </svg>
                  <svg
                    class="chakra-icon css-6aos0a"
                    focusable="false"
                    viewBox="0 0 24 24"
                  >
                    <path
                      d="M23.555,8.729a1.505,1.505,0,0,0-1.406-.98H16.062a.5.5,0,0,1-.472-.334L13.405,1.222a1.5,1.5,0,0,0-2.81,0l-.005.016L8.41,7.415a.5.5,0,0,1-.471.334H1.85A1.5,1.5,0,0,0,.887,10.4l5.184,4.3a.5.5,0,0,1,.155.543L4.048,21.774a1.5,1.5,0,0,0,2.31,1.684l5.346-3.92a.5.5,0,0,1,.591,0l5.344,3.919a1.5,1.5,0,0,0,2.312-1.683l-2.178-6.535a.5.5,0,0,1,.155-.543l5.194-4.306A1.5,1.5,0,0,0,23.555,8.729Z"
                      fill="currentColor"
                    />
                  </svg>
                </span>
                <h3
                  class="chakra-heading css-1tapsqs"
                >
                  Bob
                </h3>
              </div>
              <p
                class="chakra-text css-5ft5pb"
              >
                31 January 2022
              </p>
            </div>
            <p
              class="chakra-text css-0"
            >
              Good!
            </p>
          </article>
          <hr
            aria-orientation="horizontal"
            class="chakra-divider css-1y67kn3"
          />
          <button
            class="chakra-button css-5c2176"
            type="button"
          >
            Show More
          </button>
        </div>
      </div>
    </div>
  </div>
</div>
`;
